// Vitest Snapshot v1, https://vitest.dev/guide/snapshot.html

exports[`cropper renderer impl > should get all cropper elements 1`] = `
{
  "cropContainer": <div
    class="plasticine-cropper__crop-container"
  >
    <div
      class="plasticine-cropper__view-container"
    />
    <div
      class="plasticine-cropper__dotted-line plasticine-cropper__dotted-line--horizontal"
    />
    <div
      class="plasticine-cropper__dotted-line plasticine-cropper__dotted-line--vertical"
    />
    <div
      class="plasticine-cropper__focus"
    />
    <div
      class="plasticine-cropper__line plasticine-cropper__line--n"
    />
    <div
      class="plasticine-cropper__line plasticine-cropper__line--e"
    />
    <div
      class="plasticine-cropper__line plasticine-cropper__line--s"
    />
    <div
      class="plasticine-cropper__line plasticine-cropper__line--w"
    />
    <div
      class="plasticine-cropper__point plasticine-cropper__point--n"
    />
    <div
      class="plasticine-cropper__point plasticine-cropper__point--e"
    />
    <div
      class="plasticine-cropper__point plasticine-cropper__point--s"
    />
    <div
      class="plasticine-cropper__point plasticine-cropper__point--w"
    />
    <div
      class="plasticine-cropper__point plasticine-cropper__point--ne"
    />
    <div
      class="plasticine-cropper__point plasticine-cropper__point--nw"
    />
    <div
      class="plasticine-cropper__point plasticine-cropper__point--sw"
    />
    <div
      class="plasticine-cropper__point plasticine-cropper__point--se"
    />
  </div>,
  "cropContainerLines": {
    "e": <div
      class="plasticine-cropper__line plasticine-cropper__line--e"
    />,
    "n": <div
      class="plasticine-cropper__line plasticine-cropper__line--n"
    />,
    "s": <div
      class="plasticine-cropper__line plasticine-cropper__line--s"
    />,
    "w": <div
      class="plasticine-cropper__line plasticine-cropper__line--w"
    />,
  },
  "cropContainerPoints": {
    "e": <div
      class="plasticine-cropper__point plasticine-cropper__point--e"
    />,
    "n": <div
      class="plasticine-cropper__point plasticine-cropper__point--n"
    />,
    "ne": <div
      class="plasticine-cropper__point plasticine-cropper__point--ne"
    />,
    "nw": <div
      class="plasticine-cropper__point plasticine-cropper__point--nw"
    />,
    "s": <div
      class="plasticine-cropper__point plasticine-cropper__point--s"
    />,
    "se": <div
      class="plasticine-cropper__point plasticine-cropper__point--se"
    />,
    "sw": <div
      class="plasticine-cropper__point plasticine-cropper__point--sw"
    />,
    "w": <div
      class="plasticine-cropper__point plasticine-cropper__point--w"
    />,
  },
  "root": <div
    class="plasticine-cropper"
  >
    <div
      class="plasticine-cropper__overlay"
    />
    <div
      class="plasticine-cropper__canvas"
    />
    <div
      class="plasticine-cropper__crop-container"
    >
      <div
        class="plasticine-cropper__view-container"
      />
      <div
        class="plasticine-cropper__dotted-line plasticine-cropper__dotted-line--horizontal"
      />
      <div
        class="plasticine-cropper__dotted-line plasticine-cropper__dotted-line--vertical"
      />
      <div
        class="plasticine-cropper__focus"
      />
      <div
        class="plasticine-cropper__line plasticine-cropper__line--n"
      />
      <div
        class="plasticine-cropper__line plasticine-cropper__line--e"
      />
      <div
        class="plasticine-cropper__line plasticine-cropper__line--s"
      />
      <div
        class="plasticine-cropper__line plasticine-cropper__line--w"
      />
      <div
        class="plasticine-cropper__point plasticine-cropper__point--n"
      />
      <div
        class="plasticine-cropper__point plasticine-cropper__point--e"
      />
      <div
        class="plasticine-cropper__point plasticine-cropper__point--s"
      />
      <div
        class="plasticine-cropper__point plasticine-cropper__point--w"
      />
      <div
        class="plasticine-cropper__point plasticine-cropper__point--ne"
      />
      <div
        class="plasticine-cropper__point plasticine-cropper__point--nw"
      />
      <div
        class="plasticine-cropper__point plasticine-cropper__point--sw"
      />
      <div
        class="plasticine-cropper__point plasticine-cropper__point--se"
      />
    </div>
  </div>,
}
`;
